// Jest Snapshot v1, https://goo.gl/fbAQLP

exports[`<Buttom /> should render the heading 1`] = `
<main
  class=""
>
  <h1>
    Buttom
  </h1>
</main>
`;
